2026-08-13 00:08:58.663: [INFO] CurrentProfilePath: C:\Users\amrit_ycrwr9x\eclipse-workspace\GitPracticeDev2\.metadata\.plugins\org.eclipse.swt\EBWebView\Default
2026-08-13 00:08:58.663: [INFO] Profiles total count: 1
2026-08-13 00:08:58.663: [INFO] Profile: name=Profile 1 path=C:\Users\amrit_ycrwr9x\eclipse-workspace\GitPracticeDev2\.metadata\.plugins\org.eclipse.swt\EBWebView\Default lastActive=null
2026-08-13 00:08:58.663: [INFO] LastUsedProfileDir: C:\Users\amrit_ycrwr9x\eclipse-workspace\GitPracticeDev2\.metadata\.plugins\org.eclipse.swt\EBWebView\Default
2026-08-13 00:08:58.663: [INFO] OnDoneLoading sync enabled: 0
2026-08-13 00:08:58.663: [INFO] BookmarkModelLoaded, ids_reassigned: 0
2026-08-13 00:08:58.663: [INFO] BookmarksLoadDropped droppedNodes=0
2026-08-13 00:08:58.663: [INFO] BookmarksSnapshot Startup total=0 bar=0 other=0 mobile=0 showBar=0 showBarNTP=1
2026-08-13 00:09:07.942: [INFO] BookmarksSnapshot Shutdown total=0 bar=0 other=0 mobile=0 showBar=0 showBarNTP=1
2026-08-13 07:19:49.884: [INFO] CurrentProfilePath: C:\Users\amrit_ycrwr9x\eclipse-workspace\GitPracticeDev2\.metadata\.plugins\org.eclipse.swt\EBWebView\Default
2026-08-13 07:19:49.884: [INFO] Profiles total count: 1
2026-08-13 07:19:49.884: [INFO] Profile: name=Profile 1 path=C:\Users\amrit_ycrwr9x\eclipse-workspace\GitPracticeDev2\.metadata\.plugins\org.eclipse.swt\EBWebView\Default lastActive=2026-08-13T00:09:35.398Z
2026-08-13 07:19:49.884: [INFO] LastUsedProfileDir: C:\Users\amrit_ycrwr9x\eclipse-workspace\GitPracticeDev2\.metadata\.plugins\org.eclipse.swt\EBWebView\Default
2026-08-13 07:19:49.885: [INFO] MostRecentlyActiveProfile: name=Profile 1 path=C:\Users\amrit_ycrwr9x\eclipse-workspace\GitPracticeDev2\.metadata\.plugins\org.eclipse.swt\EBWebView\Default lastActive=2026-08-13T00:09:35.398Z
2026-08-13 07:19:49.885: [INFO] OnDoneLoading sync enabled: 0
2026-08-13 07:19:49.885: [INFO] BookmarkModelLoaded, ids_reassigned: 0
2026-08-13 07:19:49.885: [INFO] BookmarksLoadDropped droppedNodes=0
2026-08-13 07:19:49.885: [INFO] BookmarksSnapshot Startup total=0 bar=0 other=0 mobile=0 showBar=0 showBarNTP=1
2026-08-13 07:22:46.158: [INFO] BookmarksSnapshot Shutdown total=0 bar=0 other=0 mobile=0 showBar=0 showBarNTP=1
2026-08-13 07:34:26.605: [INFO] CurrentProfilePath: C:\Users\amrit_ycrwr9x\eclipse-workspace\GitPracticeDev2\.metadata\.plugins\org.eclipse.swt\EBWebView\Default
2026-08-13 07:34:26.605: [INFO] Profiles total count: 1
2026-08-13 07:34:26.605: [INFO] Profile: name=Profile 1 path=C:\Users\amrit_ycrwr9x\eclipse-workspace\GitPracticeDev2\.metadata\.plugins\org.eclipse.swt\EBWebView\Default lastActive=2026-08-13T07:22:44.701Z
2026-08-13 07:34:26.605: [INFO] LastUsedProfileDir: C:\Users\amrit_ycrwr9x\eclipse-workspace\GitPracticeDev2\.metadata\.plugins\org.eclipse.swt\EBWebView\Default
2026-08-13 07:34:26.605: [INFO] MostRecentlyActiveProfile: name=Profile 1 path=C:\Users\amrit_ycrwr9x\eclipse-workspace\GitPracticeDev2\.metadata\.plugins\org.eclipse.swt\EBWebView\Default lastActive=2026-08-13T07:22:44.701Z
2026-08-13 07:34:26.605: [INFO] OnDoneLoading sync enabled: 0
2026-08-13 07:34:26.605: [INFO] BookmarkModelLoaded, ids_reassigned: 0
2026-08-13 07:34:26.605: [INFO] BookmarksLoadDropped droppedNodes=0
2026-08-13 07:34:26.605: [INFO] BookmarksSnapshot Startup total=0 bar=0 other=0 mobile=0 showBar=0 showBarNTP=1
2026-08-13 07:34:31.927: [INFO] BookmarksSnapshot Shutdown total=0 bar=0 other=0 mobile=0 showBar=0 showBarNTP=1
2026-08-13 07:44:05.283: [INFO] CurrentProfilePath: C:\Users\amrit_ycrwr9x\eclipse-workspace\GitPracticeDev2\.metadata\.plugins\org.eclipse.swt\EBWebView\Default
2026-08-13 07:44:05.283: [INFO] Profiles total count: 1
2026-08-13 07:44:05.284: [INFO] Profile: name=Profile 1 path=C:\Users\amrit_ycrwr9x\eclipse-workspace\GitPracticeDev2\.metadata\.plugins\org.eclipse.swt\EBWebView\Default lastActive=2026-08-13T07:34:31.432Z
2026-08-13 07:44:05.284: [INFO] LastUsedProfileDir: C:\Users\amrit_ycrwr9x\eclipse-workspace\GitPracticeDev2\.metadata\.plugins\org.eclipse.swt\EBWebView\Default
2026-08-13 07:44:05.284: [INFO] MostRecentlyActiveProfile: name=Profile 1 path=C:\Users\amrit_ycrwr9x\eclipse-workspace\GitPracticeDev2\.metadata\.plugins\org.eclipse.swt\EBWebView\Default lastActive=2026-08-13T07:34:31.432Z
2026-08-13 07:44:05.284: [INFO] OnDoneLoading sync enabled: 0
2026-08-13 07:44:05.284: [INFO] BookmarkModelLoaded, ids_reassigned: 0
2026-08-13 07:44:05.284: [INFO] BookmarksLoadDropped droppedNodes=0
2026-08-13 07:44:05.284: [INFO] BookmarksSnapshot Startup total=0 bar=0 other=0 mobile=0 showBar=0 showBarNTP=1
2026-08-13 07:44:15.087: [INFO] BookmarksSnapshot Shutdown total=0 bar=0 other=0 mobile=0 showBar=0 showBarNTP=1
2026-08-13 07:47:17.347: [INFO] CurrentProfilePath: C:\Users\amrit_ycrwr9x\eclipse-workspace\GitPracticeDev2\.metadata\.plugins\org.eclipse.swt\EBWebView\Default
2026-08-13 07:47:17.347: [INFO] Profiles total count: 1
2026-08-13 07:47:17.348: [INFO] Profile: name=Profile 1 path=C:\Users\amrit_ycrwr9x\eclipse-workspace\GitPracticeDev2\.metadata\.plugins\org.eclipse.swt\EBWebView\Default lastActive=2026-08-13T07:44:11.792Z
2026-08-13 07:47:17.348: [INFO] LastUsedProfileDir: C:\Users\amrit_ycrwr9x\eclipse-workspace\GitPracticeDev2\.metadata\.plugins\org.eclipse.swt\EBWebView\Default
2026-08-13 07:47:17.348: [INFO] MostRecentlyActiveProfile: name=Profile 1 path=C:\Users\amrit_ycrwr9x\eclipse-workspace\GitPracticeDev2\.metadata\.plugins\org.eclipse.swt\EBWebView\Default lastActive=2026-08-13T07:44:11.792Z
2026-08-13 07:47:17.348: [INFO] OnDoneLoading sync enabled: 0
2026-08-13 07:47:17.348: [INFO] BookmarkModelLoaded, ids_reassigned: 0
2026-08-13 07:47:17.348: [INFO] BookmarksLoadDropped droppedNodes=0
2026-08-13 07:47:17.348: [INFO] BookmarksSnapshot Startup total=0 bar=0 other=0 mobile=0 showBar=0 showBarNTP=1
2026-08-13 07:47:19.993: [INFO] BookmarksSnapshot Shutdown total=0 bar=0 other=0 mobile=0 showBar=0 showBarNTP=1
2026-08-13 08:00:01.102: [INFO] CurrentProfilePath: C:\Users\amrit_ycrwr9x\eclipse-workspace\GitPracticeDev2\.metadata\.plugins\org.eclipse.swt\EBWebView\Default
2026-08-13 08:00:01.102: [INFO] Profiles total count: 1
2026-08-13 08:00:01.103: [INFO] Profile: name=Profile 1 path=C:\Users\amrit_ycrwr9x\eclipse-workspace\GitPracticeDev2\.metadata\.plugins\org.eclipse.swt\EBWebView\Default lastActive=2026-08-13T07:44:11.792Z
2026-08-13 08:00:01.103: [INFO] LastUsedProfileDir: C:\Users\amrit_ycrwr9x\eclipse-workspace\GitPracticeDev2\.metadata\.plugins\org.eclipse.swt\EBWebView\Default
2026-08-13 08:00:01.103: [INFO] MostRecentlyActiveProfile: name=Profile 1 path=C:\Users\amrit_ycrwr9x\eclipse-workspace\GitPracticeDev2\.metadata\.plugins\org.eclipse.swt\EBWebView\Default lastActive=2026-08-13T07:44:11.792Z
2026-08-13 08:00:01.103: [INFO] OnDoneLoading sync enabled: 0
2026-08-13 08:00:01.103: [INFO] BookmarkModelLoaded, ids_reassigned: 0
2026-08-13 08:00:01.103: [INFO] BookmarksLoadDropped droppedNodes=0
2026-08-13 08:00:01.103: [INFO] BookmarksSnapshot Startup total=0 bar=0 other=0 mobile=0 showBar=0 showBarNTP=1
2026-08-13 08:01:04.549: [INFO] BookmarksSnapshot Shutdown total=0 bar=0 other=0 mobile=0 showBar=0 showBarNTP=1
2026-08-13 08:01:39.906: [INFO] CurrentProfilePath: C:\Users\amrit_ycrwr9x\eclipse-workspace\GitPracticeDev2\.metadata\.plugins\org.eclipse.swt\EBWebView\Default
2026-08-13 08:01:39.906: [INFO] Profiles total count: 1
2026-08-13 08:01:39.906: [INFO] Profile: name=Profile 1 path=C:\Users\amrit_ycrwr9x\eclipse-workspace\GitPracticeDev2\.metadata\.plugins\org.eclipse.swt\EBWebView\Default lastActive=2026-08-13T08:00:58.359Z
2026-08-13 08:01:39.906: [INFO] LastUsedProfileDir: C:\Users\amrit_ycrwr9x\eclipse-workspace\GitPracticeDev2\.metadata\.plugins\org.eclipse.swt\EBWebView\Default
2026-08-13 08:01:39.907: [INFO] MostRecentlyActiveProfile: name=Profile 1 path=C:\Users\amrit_ycrwr9x\eclipse-workspace\GitPracticeDev2\.metadata\.plugins\org.eclipse.swt\EBWebView\Default lastActive=2026-08-13T08:00:58.359Z
2026-08-13 08:01:39.907: [INFO] OnDoneLoading sync enabled: 0
2026-08-13 08:01:39.907: [INFO] BookmarkModelLoaded, ids_reassigned: 0
2026-08-13 08:01:39.907: [INFO] BookmarksLoadDropped droppedNodes=0
2026-08-13 08:01:39.907: [INFO] BookmarksSnapshot Startup total=0 bar=0 other=0 mobile=0 showBar=0 showBarNTP=1
2026-08-13 08:01:43.054: [INFO] BookmarksSnapshot Shutdown total=0 bar=0 other=0 mobile=0 showBar=0 showBarNTP=1
2026-08-13 08:03:01.907: [INFO] CurrentProfilePath: C:\Users\amrit_ycrwr9x\eclipse-workspace\GitPracticeDev2\.metadata\.plugins\org.eclipse.swt\EBWebView\Default
2026-08-13 08:03:01.907: [INFO] Profiles total count: 1
2026-08-13 08:03:01.907: [INFO] Profile: name=Profile 1 path=C:\Users\amrit_ycrwr9x\eclipse-workspace\GitPracticeDev2\.metadata\.plugins\org.eclipse.swt\EBWebView\Default lastActive=2026-08-13T08:01:41.114Z
2026-08-13 08:03:01.907: [INFO] LastUsedProfileDir: C:\Users\amrit_ycrwr9x\eclipse-workspace\GitPracticeDev2\.metadata\.plugins\org.eclipse.swt\EBWebView\Default
2026-08-13 08:03:01.907: [INFO] MostRecentlyActiveProfile: name=Profile 1 path=C:\Users\amrit_ycrwr9x\eclipse-workspace\GitPracticeDev2\.metadata\.plugins\org.eclipse.swt\EBWebView\Default lastActive=2026-08-13T08:01:41.114Z
2026-08-13 08:03:01.907: [INFO] OnDoneLoading sync enabled: 0
2026-08-13 08:03:01.907: [INFO] BookmarkModelLoaded, ids_reassigned: 0
2026-08-13 08:03:01.907: [INFO] BookmarksLoadDropped droppedNodes=0
2026-08-13 08:03:01.907: [INFO] BookmarksSnapshot Startup total=0 bar=0 other=0 mobile=0 showBar=0 showBarNTP=1
2026-08-13 08:04:58.519: [INFO] BookmarksSnapshot Shutdown total=0 bar=0 other=0 mobile=0 showBar=0 showBarNTP=1
